AR controlunit6 behavioural H:/xilinx/SimpleProcessor/ControlUnit6.vhd sub01/vhpl141 1591538275
AR memorunit behavioral H:/xilinx/SimpleProcessor/MemorUnit.vhf sub00/vhpl05 1591541067
AR controlunit3 behavioural H:/xilinx/SimpleProcessor/ControlUnit3.vhd sub00/vhpl93 1591525422
AR alueightbit_muser_operation3 behavioral H:/xilinx/SimpleProcessor/OPERATION3.vhf sub01/vhpl105 1591525448
AR f_f_muser_operation6 behavioral H:/xilinx/SimpleProcessor/OPERATION6.vhf sub01/vhpl145 1591538293
AR mux3_muser_operation8 behavioral H:/xilinx/SimpleProcessor/OPERATION8.vhf sub01/vhpl181 1591541039
AR alu_muser_operation3 behavioral H:/xilinx/SimpleProcessor/OPERATION3.vhf sub01/vhpl103 1591525446
AR alu_muser_alueightbit behavioral H:/xilinx/SimpleProcessor/ALUEightBit.vhf sub00/vhpl41 1591541055
EN sync_up_counter NULL H:/xilinx/SimpleProcessor/Sync_up_counter.vhd sub00/vhpl06 1591507475
AR or8_hxilinx_processor or8_hxilinx_processor_v H:/xilinx/SimpleProcessor/Processor.vhf sub00/vhpl45 1591541019
EN mux3_muser_alu NULL H:/xilinx/SimpleProcessor/ALU.vhf sub00/vhpl16 1591541060
EN f_f_muser_alueightbit NULL H:/xilinx/SimpleProcessor/ALUEightBit.vhf sub00/vhpl34 1591541048
AR alueightbit_muser_operation1 behavioral H:/xilinx/SimpleProcessor/OPERATION1.vhf sub00/vhpl71 1591533943
AR f_f_muser_operation4 behavioral H:/xilinx/SimpleProcessor/OPERATION4.vhf sub01/vhpl113 1591528159
AR mux3_muser_alu behavioral H:/xilinx/SimpleProcessor/ALU.vhf sub00/vhpl17 1591541061
AR mux3_muser_operation6 behavioral H:/xilinx/SimpleProcessor/OPERATION6.vhf sub01/vhpl149 1591538297
AR alu_muser_operation1 behavioral H:/xilinx/SimpleProcessor/OPERATION1.vhf sub00/vhpl69 1591533941
AR operation8 behavioral H:/xilinx/SimpleProcessor/OPERATION8.vhf sub01/vhpl187 1591541045
EN mux3 NULL H:/xilinx/SimpleProcessor/MUX3.vhf sub00/vhpl12 1591541072
AR processor behavioral H:/xilinx/SimpleProcessor/Processor.vhf sub00/vhpl57 1591541031
EN fa NULL H:/xilinx/SimpleProcessor/FA.vhd sub00/vhpl08 1591541014
EN alu_muser_processor NULL H:/xilinx/SimpleProcessor/Processor.vhf sub00/vhpl52 1591541026
AR f_f_muser_operation2 behavioral H:/xilinx/SimpleProcessor/OPERATION2.vhf sub00/vhpl79 1591523205
AR memorunit_muser_operation8 behavioral H:/xilinx/SimpleProcessor/OPERATION8.vhf sub01/vhpl179 1591541037
AR mux3_muser_operation4 behavioral H:/xilinx/SimpleProcessor/OPERATION4.vhf sub01/vhpl117 1591528163
AR operation6 behavioral H:/xilinx/SimpleProcessor/OPERATION6.vhf sub01/vhpl155 1591538303
AR sync_up_counter1 behavioural H:/xilinx/SimpleProcessor/Sync_up_counter1.vhd sub00/vhpl59 1591533917
EN f_f NULL H:/xilinx/SimpleProcessor/F_F.vhf sub00/vhpl00 1591541068
AR or8_hxilinx_operation5 or8_hxilinx_operation5_v H:/xilinx/SimpleProcessor/OPERATION5.vhf sub01/vhpl125 1591531558
AR memorunit_muser_operation6 behavioral H:/xilinx/SimpleProcessor/OPERATION6.vhf sub01/vhpl147 1591538295
AR or8_hxilinx_operation1 or8_hxilinx_operation1_v H:/xilinx/SimpleProcessor/OPERATION1.vhf sub00/vhpl61 1591533933
AR mux3_muser_operation2 behavioral H:/xilinx/SimpleProcessor/OPERATION2.vhf sub00/vhpl83 1591523209
AR alu_muser_processor behavioral H:/xilinx/SimpleProcessor/Processor.vhf sub00/vhpl53 1591541027
AR operation4 behavioral H:/xilinx/SimpleProcessor/OPERATION4.vhf sub01/vhpl123 1591528169
EN or8_hxilinx_alu8bit NULL H:/xilinx/SimpleProcessor/ALU8bit.vhf sub00/vhpl20 1591465871
EN alueightbit_muser_processor NULL H:/xilinx/SimpleProcessor/Processor.vhf sub00/vhpl54 1591541028
EN alueightbit_muser_operation1 NULL H:/xilinx/SimpleProcessor/OPERATION1.vhf sub00/vhpl70 1591533942
AR memorunit_muser_operation4 behavioral H:/xilinx/SimpleProcessor/OPERATION4.vhf sub01/vhpl115 1591528161
EN alueightbit_muser_operation2 NULL H:/xilinx/SimpleProcessor/OPERATION2.vhf sub00/vhpl86 1591523212
EN alueightbit_muser_operation3 NULL H:/xilinx/SimpleProcessor/OPERATION3.vhf sub01/vhpl104 1591525447
AR operation2 behavioral H:/xilinx/SimpleProcessor/OPERATION2.vhf sub00/vhpl89 1591523215
EN alueightbit_muser_operation4 NULL H:/xilinx/SimpleProcessor/OPERATION4.vhf sub01/vhpl120 1591528166
EN alueightbit_muser_operation5 NULL H:/xilinx/SimpleProcessor/OPERATION5.vhf sub01/vhpl134 1591531567
EN alueightbit_muser_operation6 NULL H:/xilinx/SimpleProcessor/OPERATION6.vhf sub01/vhpl152 1591538300
EN alueightbit_muser_operation7 NULL H:/xilinx/SimpleProcessor/OPERATION7.vhf sub01/vhpl168 1591539025
EN alueightbit_muser_operation8 NULL H:/xilinx/SimpleProcessor/OPERATION8.vhf sub01/vhpl184 1591541042
AR controlunit7 behavioural H:/xilinx/SimpleProcessor/ControlUnit7.vhd sub01/vhpl157 1591539000
AR controlunit4 behavioural H:/xilinx/SimpleProcessor/ControlUnit4.vhd sub01/vhpl109 1591528141
AR alu_muser_alu8bit behavioral H:/xilinx/SimpleProcessor/ALU8bit.vhf sub00/vhpl29 1591465880
AR alueightbit_muser_operation8 behavioral H:/xilinx/SimpleProcessor/OPERATION8.vhf sub01/vhpl185 1591541043
AR memorunit_muser_operation2 behavioral H:/xilinx/SimpleProcessor/OPERATION2.vhf sub00/vhpl81 1591523207
EN f_f_muser_memorunit NULL H:/xilinx/SimpleProcessor/MemorUnit.vhf sub00/vhpl02 1591541064
AR alu_muser_operation8 behavioral H:/xilinx/SimpleProcessor/OPERATION8.vhf sub01/vhpl183 1591541041
EN memorunit NULL H:/xilinx/SimpleProcessor/MemorUnit.vhf sub00/vhpl04 1591541066
AR alueightbit_muser_operation6 behavioral H:/xilinx/SimpleProcessor/OPERATION6.vhf sub01/vhpl153 1591538301
AR alu_muser_operation6 behavioral H:/xilinx/SimpleProcessor/OPERATION6.vhf sub01/vhpl151 1591538299
AR or8_hxilinx_operation6 or8_hxilinx_operation6_v H:/xilinx/SimpleProcessor/OPERATION6.vhf sub01/vhpl143 1591538291
EN alu_muser_alueightbit NULL H:/xilinx/SimpleProcessor/ALUEightBit.vhf sub00/vhpl40 1591541054
AR f_f_muser_alu8bit behavioral H:/xilinx/SimpleProcessor/ALU8bit.vhf sub00/vhpl23 1591465874
AR or8_hxilinx_operation2 or8_hxilinx_operation2_v H:/xilinx/SimpleProcessor/OPERATION2.vhf sub00/vhpl77 1591523203
AR sync_up_counter behavioural H:/xilinx/SimpleProcessor/Sync_up_counter.vhd sub00/vhpl07 1591507476
AR alueightbit_muser_operation4 behavioral H:/xilinx/SimpleProcessor/OPERATION4.vhf sub01/vhpl121 1591528167
AR f_f_muser_operation7 behavioral H:/xilinx/SimpleProcessor/OPERATION7.vhf sub01/vhpl161 1591539018
AR alu_muser_operation4 behavioral H:/xilinx/SimpleProcessor/OPERATION4.vhf sub01/vhpl119 1591528165
AR alu8bit behavioral H:/xilinx/SimpleProcessor/ALU8bit.vhf sub00/vhpl31 1591444407
AR sync_up_counter2 behavioural H:/xilinx/SimpleProcessor/Sync_up_counter2.vhd sub00/vhpl75 1591516268
AR f_f_muser_memorunit behavioral H:/xilinx/SimpleProcessor/MemorUnit.vhf sub00/vhpl03 1591541065
AR mux3_muser_alu8bit behavioral H:/xilinx/SimpleProcessor/ALU8bit.vhf sub00/vhpl27 1591465878
AR memorunit_muser_alueightbit behavioral H:/xilinx/SimpleProcessor/ALUEightBit.vhf sub00/vhpl37 1591541051
AR alueightbit_muser_operation2 behavioral H:/xilinx/SimpleProcessor/OPERATION2.vhf sub00/vhpl87 1591523213
EN sync_up_counter1 NULL H:/xilinx/SimpleProcessor/Sync_up_counter1.vhd sub00/vhpl58 1591533916
AR f_f_muser_operation5 behavioral H:/xilinx/SimpleProcessor/OPERATION5.vhf sub01/vhpl127 1591531560
EN sync_up_counter2 NULL H:/xilinx/SimpleProcessor/Sync_up_counter2.vhd sub00/vhpl74 1591516267
AR mux3_muser_operation7 behavioral H:/xilinx/SimpleProcessor/OPERATION7.vhf sub01/vhpl165 1591539022
AR alu_muser_operation2 behavioral H:/xilinx/SimpleProcessor/OPERATION2.vhf sub00/vhpl85 1591523211
EN memorunit_muser_alueightbit NULL H:/xilinx/SimpleProcessor/ALUEightBit.vhf sub00/vhpl36 1591541050
EN f_f_muser_processor NULL H:/xilinx/SimpleProcessor/Processor.vhf sub00/vhpl46 1591541020
AR alueightbit behavioral H:/xilinx/SimpleProcessor/ALUEightBit.vhf sub00/vhpl43 1591541057
AR mux3_muser_processor behavioral H:/xilinx/SimpleProcessor/Processor.vhf sub00/vhpl51 1591541025
EN processor NULL H:/xilinx/SimpleProcessor/Processor.vhf sub00/vhpl56 1591541030
AR memorunit_muser_alu8bit behavioral H:/xilinx/SimpleProcessor/ALU8bit.vhf sub00/vhpl25 1591465876
EN alueightbit NULL H:/xilinx/SimpleProcessor/ALUEightBit.vhf sub00/vhpl42 1591541056
AR or8_hxilinx_mux3 or8_hxilinx_mux3_v H:/xilinx/SimpleProcessor/MUX3.vhf sub00/vhpl11 1591541071
EN mux3_muser_alu8bit NULL H:/xilinx/SimpleProcessor/ALU8bit.vhf sub00/vhpl26 1591465877
AR memorunit_muser_processor behavioral H:/xilinx/SimpleProcessor/Processor.vhf sub00/vhpl49 1591541023
AR f_f_muser_operation3 behavioral H:/xilinx/SimpleProcessor/OPERATION3.vhf sub00/vhpl97 1591525440
AR mux3_muser_operation5 behavioral H:/xilinx/SimpleProcessor/OPERATION5.vhf sub01/vhpl131 1591531564
EN or8_hxilinx_mux3 NULL H:/xilinx/SimpleProcessor/MUX3.vhf sub00/vhpl10 1591541070
AR operation7 behavioral H:/xilinx/SimpleProcessor/OPERATION7.vhf sub01/vhpl171 1591539028
AR f_f_muser_processor behavioral H:/xilinx/SimpleProcessor/Processor.vhf sub00/vhpl47 1591541021
EN alu_muser_operation1 NULL H:/xilinx/SimpleProcessor/OPERATION1.vhf sub00/vhpl68 1591533940
EN alu_muser_operation2 NULL H:/xilinx/SimpleProcessor/OPERATION2.vhf sub00/vhpl84 1591523210
EN alu_muser_operation3 NULL H:/xilinx/SimpleProcessor/OPERATION3.vhf sub01/vhpl102 1591525445
EN alu_muser_operation4 NULL H:/xilinx/SimpleProcessor/OPERATION4.vhf sub01/vhpl118 1591528164
EN or8_hxilinx_alu NULL H:/xilinx/SimpleProcessor/ALU.vhf sub00/vhpl14 1591541058
EN alu_muser_operation5 NULL H:/xilinx/SimpleProcessor/OPERATION5.vhf sub01/vhpl132 1591531565
AR controlunit8 behavioural H:/xilinx/SimpleProcessor/ControlUnit8.vhd sub01/vhpl173 1591541017
EN or8_hxilinx_alueightbit NULL H:/xilinx/SimpleProcessor/ALUEightBit.vhf sub00/vhpl32 1591541046
AR controlunit5 behavioural H:/xilinx/SimpleProcessor/ControlUnit5.vhd sub01/vhpl137 1591531542
EN alu_muser_operation6 NULL H:/xilinx/SimpleProcessor/OPERATION6.vhf sub01/vhpl150 1591538298
AR or8_hxilinx_alu8bit or8_hxilinx_alu8bit_v H:/xilinx/SimpleProcessor/ALU8bit.vhf sub00/vhpl21 1591465872
EN alu_muser_operation7 NULL H:/xilinx/SimpleProcessor/OPERATION7.vhf sub01/vhpl166 1591539023
AR controlunit2 behavioural H:/xilinx/SimpleProcessor/ControlUnit2.vhd sub00/vhpl91 1591523187
EN alu_muser_operation8 NULL H:/xilinx/SimpleProcessor/OPERATION8.vhf sub01/vhpl182 1591541040
EN or8_hxilinx_operation1 NULL H:/xilinx/SimpleProcessor/OPERATION1.vhf sub00/vhpl60 1591533932
AR f_f_muser_operation1 behavioral H:/xilinx/SimpleProcessor/OPERATION1.vhf sub00/vhpl63 1591533935
AR memorunit_muser_operation7 behavioral H:/xilinx/SimpleProcessor/OPERATION7.vhf sub01/vhpl163 1591539020
AR or8_hxilinx_operation7 or8_hxilinx_operation7_v H:/xilinx/SimpleProcessor/OPERATION7.vhf sub01/vhpl159 1591539016
EN or8_hxilinx_operation2 NULL H:/xilinx/SimpleProcessor/OPERATION2.vhf sub00/vhpl76 1591523202
AR or8_hxilinx_alu or8_hxilinx_alu_v H:/xilinx/SimpleProcessor/ALU.vhf sub00/vhpl15 1591541059
AR mux3_muser_operation3 behavioral H:/xilinx/SimpleProcessor/OPERATION3.vhf sub01/vhpl101 1591525444
EN or8_hxilinx_operation3 NULL H:/xilinx/SimpleProcessor/OPERATION3.vhf sub00/vhpl94 1591525437
EN memorunit_muser_alu8bit NULL H:/xilinx/SimpleProcessor/ALU8bit.vhf sub00/vhpl24 1591465875
EN or8_hxilinx_operation4 NULL H:/xilinx/SimpleProcessor/OPERATION4.vhf sub01/vhpl110 1591528156
EN or8_hxilinx_operation5 NULL H:/xilinx/SimpleProcessor/OPERATION5.vhf sub01/vhpl124 1591531557
AR operation5 behavioral H:/xilinx/SimpleProcessor/OPERATION5.vhf sub01/vhpl139 1591531570
EN or8_hxilinx_operation6 NULL H:/xilinx/SimpleProcessor/OPERATION6.vhf sub01/vhpl142 1591538290
AR or8_hxilinx_operation3 or8_hxilinx_operation3_v H:/xilinx/SimpleProcessor/OPERATION3.vhf sub00/vhpl95 1591525438
EN or8_hxilinx_operation7 NULL H:/xilinx/SimpleProcessor/OPERATION7.vhf sub01/vhpl158 1591539015
EN or8_hxilinx_operation8 NULL H:/xilinx/SimpleProcessor/OPERATION8.vhf sub01/vhpl174 1591541032
EN mux3_muser_operation1 NULL H:/xilinx/SimpleProcessor/OPERATION1.vhf sub00/vhpl66 1591533938
EN mux3_muser_operation2 NULL H:/xilinx/SimpleProcessor/OPERATION2.vhf sub00/vhpl82 1591523208
EN mux3_muser_operation3 NULL H:/xilinx/SimpleProcessor/OPERATION3.vhf sub01/vhpl100 1591525443
EN mux3_muser_operation4 NULL H:/xilinx/SimpleProcessor/OPERATION4.vhf sub01/vhpl116 1591528162
EN mux3_muser_operation5 NULL H:/xilinx/SimpleProcessor/OPERATION5.vhf sub01/vhpl130 1591531563
AR f_f behavioral H:/xilinx/SimpleProcessor/F_F.vhf sub00/vhpl01 1591541069
EN mux3_muser_operation6 NULL H:/xilinx/SimpleProcessor/OPERATION6.vhf sub01/vhpl148 1591538296
AR mux3 behavioral H:/xilinx/SimpleProcessor/MUX3.vhf sub00/vhpl13 1591541073
EN mux3_muser_operation7 NULL H:/xilinx/SimpleProcessor/OPERATION7.vhf sub01/vhpl164 1591539021
AR memorunit_muser_operation5 behavioral H:/xilinx/SimpleProcessor/OPERATION5.vhf sub01/vhpl129 1591531562
AR mux3_muser_operation1 behavioral H:/xilinx/SimpleProcessor/OPERATION1.vhf sub00/vhpl67 1591533939
EN mux3_muser_operation8 NULL H:/xilinx/SimpleProcessor/OPERATION8.vhf sub01/vhpl180 1591541038
AR alu behavioral H:/xilinx/SimpleProcessor/ALU.vhf sub00/vhpl19 1591541063
EN f_f_muser_operation1 NULL H:/xilinx/SimpleProcessor/OPERATION1.vhf sub00/vhpl62 1591533934
EN mux3_muser_processor NULL H:/xilinx/SimpleProcessor/Processor.vhf sub00/vhpl50 1591541024
EN f_f_muser_operation2 NULL H:/xilinx/SimpleProcessor/OPERATION2.vhf sub00/vhpl78 1591523204
AR operation3 behavioral H:/xilinx/SimpleProcessor/OPERATION3.vhf sub01/vhpl107 1591525450
EN f_f_muser_operation3 NULL H:/xilinx/SimpleProcessor/OPERATION3.vhf sub00/vhpl96 1591525439
EN f_f_muser_operation4 NULL H:/xilinx/SimpleProcessor/OPERATION4.vhf sub01/vhpl112 1591528158
EN f_f_muser_operation5 NULL H:/xilinx/SimpleProcessor/OPERATION5.vhf sub01/vhpl126 1591531559
EN f_f_muser_operation6 NULL H:/xilinx/SimpleProcessor/OPERATION6.vhf sub01/vhpl144 1591538292
EN f_f_muser_operation7 NULL H:/xilinx/SimpleProcessor/OPERATION7.vhf sub01/vhpl160 1591539017
EN f_f_muser_operation8 NULL H:/xilinx/SimpleProcessor/OPERATION8.vhf sub01/vhpl176 1591541034
EN controlunit2 NULL H:/xilinx/SimpleProcessor/ControlUnit2.vhd sub00/vhpl90 1591523186
AR memorunit_muser_operation3 behavioral H:/xilinx/SimpleProcessor/OPERATION3.vhf sub00/vhpl99 1591525442
EN controlunit3 NULL H:/xilinx/SimpleProcessor/ControlUnit3.vhd sub00/vhpl92 1591525421
AR alueightbit_muser_processor behavioral H:/xilinx/SimpleProcessor/Processor.vhf sub00/vhpl55 1591541029
EN controlunit4 NULL H:/xilinx/SimpleProcessor/ControlUnit5.vhd sub01/vhpl108 1591530799
AR operation1 behavioral H:/xilinx/SimpleProcessor/OPERATION1.vhf sub00/vhpl73 1591533945
EN controlunit5 NULL H:/xilinx/SimpleProcessor/ControlUnit5.vhd sub01/vhpl136 1591531541
EN alu8bit NULL H:/xilinx/SimpleProcessor/ALU8bit.vhf sub00/vhpl30 1591465881
EN controlunit6 NULL H:/xilinx/SimpleProcessor/ControlUnit6.vhd sub01/vhpl140 1591538274
EN controlunit7 NULL H:/xilinx/SimpleProcessor/ControlUnit7.vhd sub01/vhpl156 1591538999
EN controlunit8 NULL H:/xilinx/SimpleProcessor/ControlUnit8.vhd sub01/vhpl172 1591541016
EN memorunit_muser_operation1 NULL H:/xilinx/SimpleProcessor/OPERATION1.vhf sub00/vhpl64 1591533936
EN operation1 NULL H:/xilinx/SimpleProcessor/OPERATION1.vhf sub00/vhpl72 1591533944
EN memorunit_muser_operation2 NULL H:/xilinx/SimpleProcessor/OPERATION2.vhf sub00/vhpl80 1591523206
AR fa dataflow H:/xilinx/SimpleProcessor/FA.vhd sub00/vhpl09 1591541015
EN memorunit_muser_operation3 NULL H:/xilinx/SimpleProcessor/OPERATION3.vhf sub00/vhpl98 1591525441
EN operation2 NULL H:/xilinx/SimpleProcessor/OPERATION2.vhf sub00/vhpl88 1591523214
EN mux3_muser_alueightbit NULL H:/xilinx/SimpleProcessor/ALUEightBit.vhf sub00/vhpl38 1591541052
EN operation3 NULL H:/xilinx/SimpleProcessor/OPERATION3.vhf sub01/vhpl106 1591525449
AR alueightbit_muser_operation7 behavioral H:/xilinx/SimpleProcessor/OPERATION7.vhf sub01/vhpl169 1591539026
EN memorunit_muser_operation4 NULL H:/xilinx/SimpleProcessor/OPERATION4.vhf sub01/vhpl114 1591528160
EN operation4 NULL H:/xilinx/SimpleProcessor/OPERATION4.vhf sub01/vhpl122 1591528168
EN memorunit_muser_operation5 NULL H:/xilinx/SimpleProcessor/OPERATION5.vhf sub01/vhpl128 1591531561
AR memorunit_muser_operation1 behavioral H:/xilinx/SimpleProcessor/OPERATION1.vhf sub00/vhpl65 1591533937
EN operation5 NULL H:/xilinx/SimpleProcessor/OPERATION5.vhf sub01/vhpl138 1591531569
EN memorunit_muser_operation6 NULL H:/xilinx/SimpleProcessor/OPERATION6.vhf sub01/vhpl146 1591538294
AR mux3_muser_alueightbit behavioral H:/xilinx/SimpleProcessor/ALUEightBit.vhf sub00/vhpl39 1591541053
EN memorunit_muser_operation7 NULL H:/xilinx/SimpleProcessor/OPERATION7.vhf sub01/vhpl162 1591539019
EN operation6 NULL H:/xilinx/SimpleProcessor/OPERATION6.vhf sub01/vhpl154 1591538302
AR alu_muser_operation7 behavioral H:/xilinx/SimpleProcessor/OPERATION7.vhf sub01/vhpl167 1591539024
EN memorunit_muser_operation8 NULL H:/xilinx/SimpleProcessor/OPERATION8.vhf sub01/vhpl178 1591541036
EN operation7 NULL H:/xilinx/SimpleProcessor/OPERATION7.vhf sub01/vhpl170 1591539027
EN alu_muser_alu8bit NULL H:/xilinx/SimpleProcessor/ALU8bit.vhf sub00/vhpl28 1591465879
EN operation8 NULL H:/xilinx/SimpleProcessor/OPERATION8.vhf sub01/vhpl186 1591541044
AR or8_hxilinx_operation8 or8_hxilinx_operation8_v H:/xilinx/SimpleProcessor/OPERATION8.vhf sub01/vhpl175 1591541033
AR alueightbit_muser_operation5 behavioral H:/xilinx/SimpleProcessor/OPERATION5.vhf sub01/vhpl135 1591531568
AR f_f_muser_operation8 behavioral H:/xilinx/SimpleProcessor/OPERATION8.vhf sub01/vhpl177 1591541035
EN alu NULL H:/xilinx/SimpleProcessor/ALU.vhf sub00/vhpl18 1591541062
AR or8_hxilinx_operation4 or8_hxilinx_operation4_v H:/xilinx/SimpleProcessor/OPERATION4.vhf sub01/vhpl111 1591528157
EN or8_hxilinx_processor NULL H:/xilinx/SimpleProcessor/Processor.vhf sub00/vhpl44 1591541018
EN f_f_muser_alu8bit NULL H:/xilinx/SimpleProcessor/ALU8bit.vhf sub00/vhpl22 1591465873
AR f_f_muser_alueightbit behavioral H:/xilinx/SimpleProcessor/ALUEightBit.vhf sub00/vhpl35 1591541049
AR alu_muser_operation5 behavioral H:/xilinx/SimpleProcessor/OPERATION5.vhf sub01/vhpl133 1591531566
EN memorunit_muser_processor NULL H:/xilinx/SimpleProcessor/Processor.vhf sub00/vhpl48 1591541022
AR or8_hxilinx_alueightbit or8_hxilinx_alueightbit_v H:/xilinx/SimpleProcessor/ALUEightBit.vhf sub00/vhpl33 1591541047
